// Jest Snapshot v1, https://goo.gl/fbAQLP

exports[`Input renders without error 1`] = `
<div>
  <input
    class="tubulang-input"
  />
</div>
`;
